../Core/Src/sx1272.c:7:13:SX1272_Select	8	static
../Core/Src/sx1272.c:8:13:SX1272_Unselect	8	static
../Core/Src/sx1272.c:10:6:SX1272_Reset	8	static
../Core/Src/sx1272.c:18:6:SX1272_WriteReg	16	static
../Core/Src/sx1272.c:27:9:SX1272_ReadReg	24	static
../Core/Src/sx1272.c:37:6:SX1272_WriteBuffer	16	static
../Core/Src/sx1272.c:46:6:SX1272_ReadBuffer	16	static
../Core/Src/sx1272.c:54:6:SX1272_SetupLora	8	static
../Core/Src/sx1272.c:76:6:SX1272_Init	8	static
../Core/Src/sx1272.c:82:6:SX1272_Transmit	16	static
../Core/Src/sx1272.c:96:6:SX1272_Receive	8	static
../Core/Src/sx1272.c:105:6:SX1272_HandleDIO0	16	static
